// Jest Snapshot v1, https://goo.gl/fbAQLP

exports[`Footer renders the Footer with data 1`] = `
<div
  class="footer__Container-sc-1i7nybi-0 jWWrkW"
>
  <p
    class="footer__Title-sc-1i7nybi-4 geqkpz"
  >
    Questions? Call 000-100-200-1234
  </p>
  <div
    class="footer__Break-sc-1i7nybi-6 kNcXVU"
  />
  <div
    class="footer__Row-sc-1i7nybi-2 klKYVe"
  >
    <div
      class="footer__Column-sc-1i7nybi-1 fpWtyC"
    >
      <a
        class="footer__Link-sc-1i7nybi-3 kFBBlZ"
        href="#"
      >
        FAQ
      </a>
      <a
        class="footer__Link-sc-1i7nybi-3 kFBBlZ"
        href="#"
      >
        Investor Releations
      </a>
      <a
        class="footer__Link-sc-1i7nybi-3 kFBBlZ"
        href="#"
      >
        Privacy
      </a>
      <a
        class="footer__Link-sc-1i7nybi-3 kFBBlZ"
        href="#"
      >
        Speed Test
      </a>
    </div>
    <div
      class="footer__Column-sc-1i7nybi-1 fpWtyC"
    >
      <a
        class="footer__Link-sc-1i7nybi-3 kFBBlZ"
        href="#"
      >
        Help Centre
      </a>
      <a
        class="footer__Link-sc-1i7nybi-3 kFBBlZ"
        href="#"
      >
        Jobs
      </a>
      <a
        class="footer__Link-sc-1i7nybi-3 kFBBlZ"
        href="#"
      >
        Cookie Preferences
      </a>
      <a
        class="footer__Link-sc-1i7nybi-3 kFBBlZ"
        href="#"
      >
        Legal Notices
      </a>
    </div>
    <div
      class="footer__Column-sc-1i7nybi-1 fpWtyC"
    >
      <a
        class="footer__Link-sc-1i7nybi-3 kFBBlZ"
        href="#"
      >
        Account
      </a>
      <a
        class="footer__Link-sc-1i7nybi-3 kFBBlZ"
        href="#"
      >
        Ways to Watch
      </a>
      <a
        class="footer__Link-sc-1i7nybi-3 kFBBlZ"
        href="#"
      >
        Corporate Information
      </a>
      <a
        class="footer__Link-sc-1i7nybi-3 kFBBlZ"
        href="#"
      >
        MovieFlix Originals
      </a>
    </div>
    <div
      class="footer__Column-sc-1i7nybi-1 fpWtyC"
    >
      <a
        class="footer__Link-sc-1i7nybi-3 kFBBlZ"
        href="#"
      >
        Media Centre
      </a>
      <a
        class="footer__Link-sc-1i7nybi-3 kFBBlZ"
        href="#"
      >
        Terms of Use
      </a>
      <a
        class="footer__Link-sc-1i7nybi-3 kFBBlZ"
        href="#"
      >
        Contact Us
      </a>
    </div>
  </div>
  <div
    class="footer__Break-sc-1i7nybi-6 kNcXVU"
  />
  <p
    class="footer__Text-sc-1i7nybi-5 cuaPMt"
  >
    MovieFlix India
  </p>
</div>
`;
