// Jest Snapshot v1, https://goo.gl/fbAQLP

exports[`Player renders the Player component with a bunny video 1`] = `
<div
  class="player__Container-sc-191n25n-0"
>
  <button
    class="player__Button-sc-191n25n-4 iNgVlG"
  >
    Play
  </button>
</div>
`;
